src/modules/erp/people/pages/PeoplePage.tsx(37,9): error TS1128: Declaration or statement expected.
src/modules/erp/people/pages/PeoplePage.tsx(38,5): error TS1109: Expression expected.
src/modules/erp/people/pages/PeoplePage.tsx(39,1): error TS1128: Declaration or statement expected.
